Info: Starting: Create block symbol file (.bsf)
Info: qsys-generate C:\Users\guan-ming.dennis-won\Documents\Code\ADS131A0X_Library_10CL025\nios.qsys --block-symbol-file --output-directory=C:\Users\guan-ming.dennis-won\Documents\Code\ADS131A0X_Library_10CL025\nios --family="Cyclone 10 LP" --part=10CL025YU256I7G
Progress: Loading ADS131A0X_Library_10CL025/nios.qsys
Progress: Reading input file
Progress: Adding JTAG [altera_avalon_jtag_uart 23.1]
Progress: Parameterizing module JTAG
Progress: Adding NIOS [altera_nios2_gen2 23.1]
Progress: Parameterizing module NIOS
Progress: Adding RAM [altera_avalon_onchip_memory2 23.1]
Progress: Parameterizing module RAM
Progress: Adding adc_fifo_reader_0 [adc_fifo_reader 1.0]
Progress: Parameterizing module adc_fifo_reader_0
Progress: Adding clk_0 [clock_source 23.1]
Progress: Parameterizing module clk_0
Progress: Adding sysid_qsys_0 [altera_avalon_sysid_qsys 23.1]
Progress: Parameterizing module sysid_qsys_0
Progress: Building connections
Progress: Parameterizing connections
Progress: Validating
Progress: Done reading input file
Info: nios.JTAG: JTAG UART IP input clock need to be at least double (2x) the operating frequency of JTAG TCK on board
Warning: nios.NIOS: Nios II cores are not recommended for new projects and are subject to removal in a future release. Nios V cores are the recommended replacement as applicable.
Info: nios.sysid_qsys_0: System ID is not assigned automatically. Edit the System ID parameter to provide a unique ID
Info: nios.sysid_qsys_0: Time stamp will be automatically updated when this component is generated.
Info: qsys-generate succeeded.
Info: Finished: Create block symbol file (.bsf)
Info: 
Info: Starting: Create HDL design files for synthesis
Info: qsys-generate C:\Users\guan-ming.dennis-won\Documents\Code\ADS131A0X_Library_10CL025\nios.qsys --synthesis=VERILOG --output-directory=C:\Users\guan-ming.dennis-won\Documents\Code\ADS131A0X_Library_10CL025\nios\synthesis --family="Cyclone 10 LP" --part=10CL025YU256I7G
Progress: Loading ADS131A0X_Library_10CL025/nios.qsys
Progress: Reading input file
Progress: Adding JTAG [altera_avalon_jtag_uart 23.1]
Progress: Parameterizing module JTAG
Progress: Adding NIOS [altera_nios2_gen2 23.1]
Progress: Parameterizing module NIOS
Progress: Adding RAM [altera_avalon_onchip_memory2 23.1]
Progress: Parameterizing module RAM
Progress: Adding adc_fifo_reader_0 [adc_fifo_reader 1.0]
Progress: Parameterizing module adc_fifo_reader_0
Progress: Adding clk_0 [clock_source 23.1]
Progress: Parameterizing module clk_0
Progress: Adding sysid_qsys_0 [altera_avalon_sysid_qsys 23.1]
Progress: Parameterizing module sysid_qsys_0
Progress: Building connections
Progress: Parameterizing connections
Progress: Validating
Progress: Done reading input file
Info: nios.JTAG: JTAG UART IP input clock need to be at least double (2x) the operating frequency of JTAG TCK on board
Warning: nios.NIOS: Nios II cores are not recommended for new projects and are subject to removal in a future release. Nios V cores are the recommended replacement as applicable.
Info: nios.sysid_qsys_0: System ID is not assigned automatically. Edit the System ID parameter to provide a unique ID
Info: nios.sysid_qsys_0: Time stamp will be automatically updated when this component is generated.
Info: nios: Generating nios "nios" for QUARTUS_SYNTH
Info: JTAG: Starting RTL generation for module 'nios_JTAG'
Info: JTAG:   Generation command is [exec cmd /c {set LC_ALL=C&& C:/intelfpga_lite/23.1std/quartus/bin64/perl/bin/perl.exe -I C:/intelfpga_lite/23.1std/quartus/bin64/perl/lib -I C:/intelfpga_lite/23.1std/quartus/sopc_builder/bin/europa -I C:/intelfpga_lite/23.1std/quartus/sopc_builder/bin -I C:/intelfpga_lite/23.1std/quartus/../ip/altera/sopc_builder_ip/common -I C:/intelfpga_lite/23.1std/quartus/../ip/altera/sopc_builder_ip/altera_avalon_jtag_uart -- C:/intelfpga_lite/23.1std/quartus/../ip/altera/sopc_builder_ip/altera_avalon_jtag_uart/generate_rtl.pl --name=nios_JTAG --dir=C:/Users/GUAN-M~1.DEN/AppData/Local/Temp/alt0270_3935097983496826747.dir/0002_JTAG_gen/ --quartus_dir=C:/intelfpga_lite/23.1std/quartus --verilog --config=C:/Users/GUAN-M~1.DEN/AppData/Local/Temp/alt0270_3935097983496826747.dir/0002_JTAG_gen//nios_JTAG_component_configuration.pl --do_build_sim=0}]
Info: JTAG: Done RTL generation for module 'nios_JTAG'
Info: JTAG: "nios" instantiated altera_avalon_jtag_uart "JTAG"
Info: NIOS: "nios" instantiated altera_nios2_gen2 "NIOS"
Info: RAM: Starting RTL generation for module 'nios_RAM'
Info: RAM:   Generation command is [exec cmd /c {set LC_ALL=C&& C:/intelfpga_lite/23.1std/quartus/bin64/perl/bin/perl.exe -I C:/intelfpga_lite/23.1std/quartus/bin64/perl/lib -I C:/intelfpga_lite/23.1std/quartus/sopc_builder/bin/europa -I C:/intelfpga_lite/23.1std/quartus/sopc_builder/bin -I C:/intelfpga_lite/23.1std/quartus/../ip/altera/sopc_builder_ip/common -I C:/intelfpga_lite/23.1std/quartus/../ip/altera/sopc_builder_ip/altera_avalon_onchip_memory2 -- C:/intelfpga_lite/23.1std/quartus/../ip/altera/sopc_builder_ip/altera_avalon_onchip_memory2/generate_rtl.pl --name=nios_RAM --dir=C:/Users/GUAN-M~1.DEN/AppData/Local/Temp/alt0270_3935097983496826747.dir/0003_RAM_gen/ --quartus_dir=C:/intelfpga_lite/23.1std/quartus --verilog --config=C:/Users/GUAN-M~1.DEN/AppData/Local/Temp/alt0270_3935097983496826747.dir/0003_RAM_gen//nios_RAM_component_configuration.pl --do_build_sim=0}]
Info: RAM: Done RTL generation for module 'nios_RAM'
Info: RAM: "nios" instantiated altera_avalon_onchip_memory2 "RAM"
Info: adc_fifo_reader_0: "nios" instantiated adc_fifo_reader "adc_fifo_reader_0"
Info: sysid_qsys_0: "nios" instantiated altera_avalon_sysid_qsys "sysid_qsys_0"
Info: avalon_st_adapter: Inserting error_adapter: error_adapter_0
Info: avalon_st_adapter_001: Inserting error_adapter: error_adapter_0
Info: avalon_st_adapter_002: Inserting error_adapter: error_adapter_0
Info: avalon_st_adapter_003: Inserting error_adapter: error_adapter_0
Info: avalon_st_adapter_004: Inserting error_adapter: error_adapter_0
Info: mm_interconnect_0: "nios" instantiated altera_mm_interconnect "mm_interconnect_0"
Info: irq_mapper: "nios" instantiated altera_irq_mapper "irq_mapper"
Info: rst_controller: "nios" instantiated altera_reset_controller "rst_controller"
Info: cpu: Starting RTL generation for module 'nios_NIOS_cpu'
Info: cpu:   Generation command is [exec C:/intelFPGA_lite/23.1std/quartus/bin64//perl/bin/perl.exe -I C:/intelFPGA_lite/23.1std/quartus/bin64//perl/lib -I C:/intelfpga_lite/23.1std/quartus/sopc_builder/bin/europa -I C:/intelfpga_lite/23.1std/quartus/sopc_builder/bin -I C:/intelfpga_lite/23.1std/quartus/../ip/altera/nios2_ip/altera_nios2_gen2/cpu_lib -I C:/intelfpga_lite/23.1std/quartus/../ip/altera/nios2_ip/altera_nios2_gen2/nios_lib -I C:/intelfpga_lite/23.1std/quartus/../ip/altera/nios2_ip/altera_nios2_gen2 -I C:/intelfpga_lite/23.1std/quartus/../ip/altera/nios2_ip/altera_nios2_gen2 -- C:/intelfpga_lite/23.1std/quartus/../ip/altera/nios2_ip/altera_nios2_gen2/generate_rtl.pl --name=nios_NIOS_cpu --dir=C:/Users/GUAN-M~1.DEN/AppData/Local/Temp/alt0270_3935097983496826747.dir/0008_cpu_gen/ --quartus_bindir=C:/intelFPGA_lite/23.1std/quartus/bin64/ --verilog --config=C:/Users/GUAN-M~1.DEN/AppData/Local/Temp/alt0270_3935097983496826747.dir/0008_cpu_gen//nios_NIOS_cpu_processor_configuration.pl  --do_build_sim=0  ]
Info: cpu: # 2025.07.01 22:39:29 (*) Starting Nios II generation
Info: cpu: # 2025.07.01 22:39:29 (*)   Elaborating CPU configuration settings
Info: cpu: # 2025.07.01 22:39:29 (*)   Creating all objects for CPU
Info: cpu: # 2025.07.01 22:39:29 (*)   Generating RTL from CPU objects
Info: cpu: # 2025.07.01 22:39:29 (*)   Creating plain-text RTL
Info: cpu: # 2025.07.01 22:39:30 (*) Done Nios II generation
Info: cpu: Done RTL generation for module 'nios_NIOS_cpu'
Info: cpu: "NIOS" instantiated altera_nios2_gen2_unit "cpu"
Info: NIOS_data_master_translator: "mm_interconnect_0" instantiated altera_merlin_master_translator "NIOS_data_master_translator"
Info: adc_fifo_reader_0_adc_fifo_reader_avalon_slave_translator: "mm_interconnect_0" instantiated altera_merlin_slave_translator "adc_fifo_reader_0_adc_fifo_reader_avalon_slave_translator"
Info: NIOS_data_master_agent: "mm_interconnect_0" instantiated altera_merlin_master_agent "NIOS_data_master_agent"
Info: adc_fifo_reader_0_adc_fifo_reader_avalon_slave_agent: "mm_interconnect_0" instantiated altera_merlin_slave_agent "adc_fifo_reader_0_adc_fifo_reader_avalon_slave_agent"
Info: adc_fifo_reader_0_adc_fifo_reader_avalon_slave_agent_rsp_fifo: "mm_interconnect_0" instantiated altera_avalon_sc_fifo "adc_fifo_reader_0_adc_fifo_reader_avalon_slave_agent_rsp_fifo"
Info: router: "mm_interconnect_0" instantiated altera_merlin_router "router"
Info: router_001: "mm_interconnect_0" instantiated altera_merlin_router "router_001"
Info: router_002: "mm_interconnect_0" instantiated altera_merlin_router "router_002"
Info: router_003: "mm_interconnect_0" instantiated altera_merlin_router "router_003"
Info: router_005: "mm_interconnect_0" instantiated altera_merlin_router "router_005"
Info: cmd_demux: "mm_interconnect_0" instantiated altera_merlin_demultiplexer "cmd_demux"
Info: cmd_demux_001: "mm_interconnect_0" instantiated altera_merlin_demultiplexer "cmd_demux_001"
Info: cmd_mux: "mm_interconnect_0" instantiated altera_merlin_multiplexer "cmd_mux"
Info: cmd_mux_003: "mm_interconnect_0" instantiated altera_merlin_multiplexer "cmd_mux_003"
Info: Reusing file C:/Users/guan-ming.dennis-won/Documents/Code/ADS131A0X_Library_10CL025/nios/synthesis/submodules/altera_merlin_arbitrator.sv
Info: rsp_demux: "mm_interconnect_0" instantiated altera_merlin_demultiplexer "rsp_demux"
Info: rsp_mux: "mm_interconnect_0" instantiated altera_merlin_multiplexer "rsp_mux"
Info: Reusing file C:/Users/guan-ming.dennis-won/Documents/Code/ADS131A0X_Library_10CL025/nios/synthesis/submodules/altera_merlin_arbitrator.sv
Info: rsp_mux_001: "mm_interconnect_0" instantiated altera_merlin_multiplexer "rsp_mux_001"
Info: Reusing file C:/Users/guan-ming.dennis-won/Documents/Code/ADS131A0X_Library_10CL025/nios/synthesis/submodules/altera_merlin_arbitrator.sv
Info: adc_fifo_reader_0_adc_fifo_reader_avalon_slave_cmd_width_adapter: "mm_interconnect_0" instantiated altera_merlin_width_adapter "adc_fifo_reader_0_adc_fifo_reader_avalon_slave_cmd_width_adapter"
Info: Reusing file C:/Users/guan-ming.dennis-won/Documents/Code/ADS131A0X_Library_10CL025/nios/synthesis/submodules/altera_merlin_burst_uncompressor.sv
Info: avalon_st_adapter: "mm_interconnect_0" instantiated altera_avalon_st_adapter "avalon_st_adapter"
Info: avalon_st_adapter_001: "mm_interconnect_0" instantiated altera_avalon_st_adapter "avalon_st_adapter_001"
Info: error_adapter_0: "avalon_st_adapter" instantiated error_adapter "error_adapter_0"
Info: error_adapter_0: "avalon_st_adapter_001" instantiated error_adapter "error_adapter_0"
Info: nios: Done "nios" with 32 modules, 46 files
Info: qsys-generate succeeded.
Info: Finished: Create HDL design files for synthesis
